
> devforge@1.0.0 test
> jest tests/templates/index.test.ts --no-coverage

npm : FAIL tests/templates/index.test.ts
At line:1 char:1
+ npm test -- tests/templates/index.test.ts --no-coverage 2>&1 > test_o ...
+ ~~~~~~~~~~~~~~~~~~~~~~~~~~~~~~~~~~~~~~~~~~~~~~~~~~~~~~~~~~~~~~~~~~~~~
    + CategoryInfo          : NotSpecified: (FAIL tests/templates/index.test.t 
   s:String) [], RemoteException
    + FullyQualifiedErrorId : NativeCommandError
 
  Template Storage
    Template Registry
      ΓêÜ should export TEMPLATES object with all required templates (5 ms)
      ΓêÜ should have exactly 11 templates (1 ms)
      ΓêÜ should contain all required template IDs (1 ms)
      ΓêÜ should not have empty template strings (1 ms)
      ΓêÜ should have all templates as strings (1 ms)
    getTemplate function
      ΓêÜ should retrieve a template by ID (1 ms)
      ΓêÜ should retrieve all available templates without error (1 ms)
      ΓêÜ should throw error for non-existent template (11 ms)
      ΓêÜ should throw error for empty string ID (1 ms)
    getAvailableTemplateIds function
      ΓêÜ should return array of template IDs
      ΓêÜ should return exactly 11 template IDs (1 ms)
      ΓêÜ should return IDs that match TEMPLATES object keys (1 ms)
    validateTemplateRegistry function
      ΓêÜ should validate successful registry structure
      ΓêÜ should satisfy Zod schema validation (1 ms)
    Handlebars Variable Usage
      ΓêÜ base-ci should contain Handlebars variables
      ΓêÜ vercel-deploy should contain deployment-specific variables
      ΓêÜ dockerfile-node should contain build variables
      ΓêÜ dockerfile-nextjs should mention Next.js specific files
      ΓêÜ multi-env-deploy should contain environment variables
    GitHub Actions Secrets
      ΓêÜ base-ci should use GitHub Actions format for secrets
      ΓêÜ vercel-deploy should reference Vercel secrets correctly
      ΓêÜ railway-deploy should reference Railway secret correctly
      ΓêÜ render-deploy should reference Render webhook correctly (1 ms)
      ├ù aws-ec2-deploy should reference AWS secrets correctly (2 ms)
      ΓêÜ docker-build should reference Docker Hub credentials
    Security Checks
      ΓêÜ should not contain hardcoded tokens (1 ms)
      ΓêÜ should not contain private keys (5 ms)
      ΓêÜ should not contain plaintext passwords (1 ms)
      ΓêÜ checkTemplateSecurityIssues should return empty array for clean 
templates (1 ms)
    Template Syntax
      ΓêÜ GitHub Actions templates should have proper YAML syntax (2 ms)
      ΓêÜ Dockerfile templates should have proper Docker syntax
      ΓêÜ docker-compose should have valid YAML structure
      ΓêÜ dockerignore should have proper format (3 ms)
    Framework Compatibility
      ΓêÜ dockerfile-nextjs should mention Next.js specific files
      ΓêÜ dockerfile-node should not mention Next.js specific files (1 ms)
      ΓêÜ both dockerfiles should expose port 3000
      ΓêÜ both dockerfiles should have health checks
      ΓêÜ both dockerfiles should create non-root user (1 ms)
    Template Content Validation
      ΓêÜ should have reasonable template sizes (1 ms)
      ├ù should use consistent variable naming (3 ms)
      ├ù should reference only valid secret names (2 ms)
    Template Interpolation Markers
      ΓêÜ should escape GitHub Actions variable syntax correctly (4 ms)
      ΓêÜ should not have conflicting variable syntaxes (1 ms)
    Deployment Target Coverage
      ΓêÜ should have templates for all deployment targets (1 ms)
      ΓêÜ each deployment template should reference appropriate services (1 ms)
    Integration with RuleEngine
      ΓêÜ should have all templates referenced by AVAILABLE_TEMPLATES

  ΓùÅ Template Storage ΓÇ║ GitHub Actions Secrets ΓÇ║ aws-ec2-deploy should 
reference AWS secrets correctly

    expect(received).toMatch(expected)

    Expected pattern: /\$\{\{\s*secrets\.AWS_ACCESS_KEY_ID\s*\}\}/
    Received string:  "name: Deploy to AWS EC2┬╖
    on:
      push:
        branches: [main]┬╖
    permissions:
      contents: read
      deployments: write┬╖
    jobs:
      deploy:
        runs-on: ubuntu-latest
        environment:
          name: production
        steps:
          - uses: actions/checkout@v4
          - uses: actions/setup-node@v4
            with:
              node-version: {{nodeVersion}}
              cache: \"{{packageManager}}\"
          - run: {{installCommand}}
          - run: {{buildCommand}}
          - name: Deploy to EC2 via SSH
            uses: appleboy/ssh-action@v1.0.3
            with:
              host: \"${{ secrets.AWS_EC2_HOST }}\"
              username: \"${{ secrets.AWS_EC2_USERNAME }}\"
              key: \"${{ secrets.AWS_EC2_SSH_KEY }}\"
              port: 22
              timeout: 30s
              command_timeout: 60s
              script: |
                cd ~/app
                git pull origin main
                {{installCommand}}
                {{buildCommand}}
                pm2 restart app || pm2 start \"{{buildCommand}}\" --name app
                pm2 save
    "

    [0m [90m 172 |[39m     it([32m'aws-ec2-deploy should reference AWS 
secrets correctly'[39m[33m,[39m () [33m=>[39m {
     [90m 173 |[39m       [36mconst[39m template [33m=[39m 
getTemplate([32m'aws-ec2-deploy'[39m)[33m;[39m
    [31m[1m>[22m[39m[90m 174 |[39m       expect(template)[33m.[39mtoMat
ch([35m/\$\{\{\s*secrets\.AWS_ACCESS_KEY_ID\s*\}\}/[39m)[33m;[39m
     [90m     |[39m                        [31m[1m^[22m[39m
     [90m 175 |[39m       expect(template)[33m.[39mtoMatch([35m/\$\{\{\s*s
ecrets\.AWS_SECRET_ACCESS_KEY\s*\}\}/[39m)[33m;[39m
     [90m 176 |[39m     })[33m;[39m
     [90m 177 |[39m[0m

      at Object.<anonymous> (tests/templates/index.test.ts:174:24)

  ΓùÅ Template Storage ΓÇ║ Template Content Validation ΓÇ║ should use 
consistent variable naming

    expect(received).toContain(expected) // indexOf

    Expected value: "version"
    Received array: ["nodeVersion", "packageManager", "installCommand", 
"buildCommand", "testCommand", "framework", "environments"]

    [0m [90m 326 |[39m           [36mif[39m (varName [33m&&[39m 
[33m![39mvarName[33m.[39mincludes([32m'format'[39m)) {
     [90m 327 |[39m             [90m// Allow 'format' filter for 
conditional vars[39m
    [31m[1m>[22m[39m[90m 328 |[39m             
expect(allowedVars)[33m.[39mtoContain(varName)[33m;[39m
     [90m     |[39m                                 [31m[1m^[22m[39m
     [90m 329 |[39m           }
     [90m 330 |[39m         })[33m;[39m
     [90m 331 |[39m       })[33m;[39m[0m

      at tests/templates/index.test.ts:328:33
          at Array.forEach (<anonymous>)
      at tests/templates/index.test.ts:325:23
          at Array.forEach (<anonymous>)
      at Object.<anonymous> (tests/templates/index.test.ts:321:17)

  ΓùÅ Template Storage ΓÇ║ Template Content Validation ΓÇ║ should reference 
only valid secret names

    expect(received).toContain(expected) // indexOf

    Expected value: "AWS_EC2_HOST"
    Received array: ["VERCEL_TOKEN", "VERCEL_ORG_ID", "VERCEL_PROJECT_ID", 
"RAILWAY_TOKEN", "RENDER_DEPLOY_HOOK", "AWS_ACCESS_KEY_ID", 
"AWS_SECRET_ACCESS_KEY", "AWS_REGION", "EC2_INSTANCE_ID", "S3_BUCKET", ΓÇª]

    [0m [90m 355 |[39m         
secretMatches[33m.[39mforEach((match[33m:[39m string) [33m=>[39m {
     [90m 356 |[39m           [36mconst[39m secretName [33m=[39m 
match[33m.[39mreplace([32m'secrets.'[39m[33m,[39m 
[32m''[39m)[33m;[39m
    [31m[1m>[22m[39m[90m 357 |[39m           
expect(validSecrets)[33m.[39mtoContain(secretName)[33m;[39m
     [90m     |[39m                                [31m[1m^[22m[39m
     [90m 358 |[39m         })[33m;[39m
     [90m 359 |[39m       })[33m;[39m
     [90m 360 |[39m     })[33m;[39m[0m

      at tests/templates/index.test.ts:357:32
          at Array.forEach (<anonymous>)
      at tests/templates/index.test.ts:355:23
          at Array.forEach (<anonymous>)
      at Object.<anonymous> (tests/templates/index.test.ts:353:17)

Test Suites: 1 failed, 1 total
Tests:       3 failed, 43 passed, 46 total
Snapshots:   0 total
Time:        1.96 s, estimated 11 s
Ran all test suites matching /tests\\templates\\index.test.ts/i.
